
> maes-em-acao-backend@1.0.0 test
> node --experimental-vm-modules node_modules/jest/bin/jest.js

node.exe : ÔùÅ Validation Warning:
No linha:1 caractere:1
+ & "C:\Program Files\nodejs/node.exe" "C:\Users\weslley\AppData\Roamin ...
+ ~~~~~~~~~~~~~~~~~~~~~~~~~~~~~~~~~~~~~~~~~~~~~~~~~~~~~~~~~~~~~~~~~~~~~
    + CategoryInfo          : NotSpecified: (ÔùÅ Validation Warning::String) [], RemoteException
    + FullyQualifiedErrorId : NativeCommandError
 

  Unknown option "coverageThresholds" with value {"global": {"branches": 20, "functions": 30, "lines": 30, 
"statements": 30}} was found. Did you mean "coverageThreshold"?
  This is probably a typing mistake. Fixing it will remove this message.

  Configuration Documentation:
  https://jestjs.io/docs/configuration

ÔùÅ Validation Warning:

  Unknown option "coverageThresholds" with value {"global": {"branches": 20, "functions": 30, "lines": 30, 
"statements": 30}} was found. Did you mean "coverageThreshold"?
  This is probably a typing mistake. Fixing it will remove this message.

  Configuration Documentation:
  https://jestjs.io/docs/configuration

(node:16764) ExperimentalWarning: VM Modules is an experimental feature and might change at any time
(Use `node --trace-warnings ...` to show where the warning was created)
(node:16596) ExperimentalWarning: VM Modules is an experimental feature and might change at any time
(Use `node --trace-warnings ...` to show where the warning was created)
PASS tests/security/rateLimiter.test.js
(node:18008) ExperimentalWarning: VM Modules is an experimental feature and might change at any time
(Use `node --trace-warnings ...` to show where the warning was created)
PASS tests/unit/aiService.test.js
  ÔùÅ Console

    console.log
      
      ­ƒöÆ [AUDITORIA LGPD] Payload Seguro Enviado para IA:

      at log (src/services/aiService.js:105:11)

    console.log
      ---------------------------------------------------

      at log (src/services/aiService.js:106:11)

    console.log
      DADOS SENS├ìVEIS DETECTADOS E MASCARADOS: 1

      at log (src/services/aiService.js:107:11)

    console.log
      USER PROMPT (TRECHO): A autora [NOME_AUTOR] requer alimentos....

      at log (src/services/aiService.js:109:11)

    console.log
      ---------------------------------------------------

      at log (src/services/aiService.js:113:11)

    console.log
      
      ­ƒöÆ [AUDITORIA LGPD] Payload Seguro Enviado para IA:

      at log (src/services/aiService.js:105:11)

    console.log
      ---------------------------------------------------

      at log (src/services/aiService.js:106:11)

    console.log
      DADOS SENS├ìVEIS DETECTADOS E MASCARADOS: 1

      at log (src/services/aiService.js:107:11)

    console.log
      USER PROMPT (TRECHO): contexto...

      at log (src/services/aiService.js:109:11)

    console.log
      ---------------------------------------------------

      at log (src/services/aiService.js:113:11)

    console.log
      
      ­ƒöÆ [AUDITORIA LGPD] Payload Seguro Enviado para IA:

      at log (src/services/aiService.js:105:11)

    console.log
      ---------------------------------------------------

      at log (src/services/aiService.js:106:11)

    console.log
      DADOS SENS├ìVEIS DETECTADOS E MASCARADOS: 1

      at log (src/services/aiService.js:107:11)

    console.log
      USER PROMPT (TRECHO): Texto com Jo aqui....

      at log (src/services/aiService.js:109:11)

    console.log
      ---------------------------------------------------

      at log (src/services/aiService.js:113:11)

    console.log
      
      ­ƒöÆ [AUDITORIA LGPD] Payload Seguro Enviado para IA:

      at log (src/services/aiService.js:105:11)

    console.log
      ---------------------------------------------------

      at log (src/services/aiService.js:106:11)

    console.log
      DADOS SENS├ìVEIS DETECTADOS E MASCARADOS: 1

      at log (src/services/aiService.js:107:11)

    console.log
      USER PROMPT (TRECHO): [NOME_REQUERIDO] mora com [NOME_REQUERIDO] em [NOME_REQUERIDO] Street....

      at log (src/services/aiService.js:109:11)

    console.log
      ---------------------------------------------------

      at log (src/services/aiService.js:113:11)

    console.log
      
      ­ƒöÆ [AUDITORIA LGPD] Payload Seguro Enviado para IA:

      at log (src/services/aiService.js:105:11)

    console.log
      ---------------------------------------------------

      at log (src/services/aiService.js:106:11)

    console.log
      DADOS SENS├ìVEIS DETECTADOS E MASCARADOS: 0

      at log (src/services/aiService.js:107:11)

    console.log
      USER PROMPT (TRECHO): prompt...

      at log (src/services/aiService.js:109:11)

    console.log
      ---------------------------------------------------

      at log (src/services/aiService.js:113:11)

    console.warn
      ÔÜá´©Å Groq inst├ível ou Rate Limit. Ativando Fallback para Gemini... Groq rate limit

    [0m [90m 150 |[39m       generatedText [33m=[39m 
completion[33m.[39mchoices[[35m0[39m][33m?[39m[33m.[39mmessage[33m?[39m[33m.[39mcontent [33m||[39m 
[32m""[39m[33m;[39m
     [90m 151 |[39m     } [36mcatch[39m (groqError) {
    [31m[1m>[22m[39m[90m 152 |[39m       console[33m.[39mwarn(
     [90m     |[39m               [31m[1m^[22m[39m
     [90m 153 |[39m         [32m"ÔÜá´©Å Groq inst├ível ou Rate Limit. Ativando Fallback para 
Gemini..."[39m[33m,[39m
     [90m 154 |[39m         groqError[33m.[39mmessage[33m,[39m
     [90m 155 |[39m       )[33m;[39m[0m

      at warn (src/services/aiService.js:152:15)
      at Object.<anonymous> (tests/unit/aiService.test.js:150:20)

    console.log
      
      ­ƒöÆ [AUDITORIA LGPD] Payload Seguro Enviado para IA:

      at log (src/services/aiService.js:105:11)

    console.log
      ---------------------------------------------------

      at log (src/services/aiService.js:106:11)

    console.log
      DADOS SENS├ìVEIS DETECTADOS E MASCARADOS: 0

      at log (src/services/aiService.js:107:11)

    console.log
      USER PROMPT (TRECHO): prompt...

      at log (src/services/aiService.js:109:11)

    console.log
      ---------------------------------------------------

      at log (src/services/aiService.js:113:11)

    console.warn
      ÔÜá´©Å Groq inst├ível ou Rate Limit. Ativando Fallback para Gemini... Groq down

    [0m [90m 150 |[39m       generatedText [33m=[39m 
completion[33m.[39mchoices[[35m0[39m][33m?[39m[33m.[39mmessage[33m?[39m[33m.[39mcontent [33m||[39m 
[32m""[39m[33m;[39m
     [90m 151 |[39m     } [36mcatch[39m (groqError) {
    [31m[1m>[22m[39m[90m 152 |[39m       console[33m.[39mwarn(
     [90m     |[39m               [31m[1m^[22m[39m
     [90m 153 |[39m         [32m"ÔÜá´©Å Groq inst├ível ou Rate Limit. Ativando Fallback para 
Gemini..."[39m[33m,[39m
     [90m 154 |[39m         groqError[33m.[39mmessage[33m,[39m
     [90m 155 |[39m       )[33m;[39m[0m

      at warn (src/services/aiService.js:152:15)
      at Object.<anonymous> (tests/unit/aiService.test.js:159:5)

    console.error
      ÔØî Erro na chamada Gemini: Gemini down

    [0m [90m 178 |[39m         generatedText [33m=[39m response[33m.[39mtext()[33m;[39m
     [90m 179 |[39m       } [36mcatch[39m (geminiError) {
    [31m[1m>[22m[39m[90m 180 |[39m         console[33m.[39merror([32m"ÔØî Erro na chamada 
Gemini:"[39m[33m,[39m geminiError[33m.[39mmessage)[33m;[39m
     [90m     |[39m                 [31m[1m^[22m[39m
     [90m 181 |[39m         [36mthrow[39m [36mnew[39m [33mError[39m(
     [90m 182 |[39m           [32m"Ambos os servi├ºos de IA falharam ou excederam o tempo limite."[39m[33m,[39m
     [90m 183 |[39m           { cause[33m:[39m geminiError }[33m,[39m[0m

      at error (src/services/aiService.js:180:17)
      at Object.<anonymous> (tests/unit/aiService.test.js:159:5)

    console.error
      ÔØî Erro Cr├¡tico IA: Ambos os servi├ºos de IA falharam ou excederam o tempo limite.

    [0m [90m 186 |[39m     }
     [90m 187 |[39m   } [36mcatch[39m (error) {
    [31m[1m>[22m[39m[90m 188 |[39m     console[33m.[39merror([32m"ÔØî Erro Cr├¡tico IA:"[39m[33m,[39m 
error[33m.[39mmessage)[33m;[39m
     [90m     |[39m             [31m[1m^[22m[39m
     [90m 189 |[39m     [36mthrow[39m [36mnew[39m [33mError[39m(
     [90m 190 |[39m       [32m"Servi├ºo de Intelig├¬ncia Artificial indispon├¡vel no momento."[39m[33m,[39m
     [90m 191 |[39m       { cause[33m:[39m error }[33m,[39m[0m

      at error (src/services/aiService.js:188:13)
      at Object.<anonymous> (tests/unit/aiService.test.js:159:5)

    console.log
      
      ­ƒöÆ [AUDITORIA LGPD] Payload Seguro Enviado para IA:

      at log (src/services/aiService.js:105:11)

    console.log
      ---------------------------------------------------

      at log (src/services/aiService.js:106:11)

    console.log
      DADOS SENS├ìVEIS DETECTADOS E MASCARADOS: 0

      at log (src/services/aiService.js:107:11)

    console.log
      USER PROMPT (TRECHO): prompt...

      at log (src/services/aiService.js:109:11)

    console.log
      ---------------------------------------------------

      at log (src/services/aiService.js:113:11)

    console.warn
      ÔÜá´©Å Groq inst├ível ou Rate Limit. Ativando Fallback para Gemini... Timeout: Chamada Groq excedeu o limite de 
tempo

    [0m [90m 150 |[39m       generatedText [33m=[39m 
completion[33m.[39mchoices[[35m0[39m][33m?[39m[33m.[39mmessage[33m?[39m[33m.[39mcontent [33m||[39m 
[32m""[39m[33m;[39m
     [90m 151 |[39m     } [36mcatch[39m (groqError) {
    [31m[1m>[22m[39m[90m 152 |[39m       console[33m.[39mwarn(
     [90m     |[39m               [31m[1m^[22m[39m
     [90m 153 |[39m         [32m"ÔÜá´©Å Groq inst├ível ou Rate Limit. Ativando Fallback para 
Gemini..."[39m[33m,[39m
     [90m 154 |[39m         groqError[33m.[39mmessage[33m,[39m
     [90m 155 |[39m       )[33m;[39m[0m

      at warn (src/services/aiService.js:152:15)
      at Object.<anonymous> (tests/unit/aiService.test.js:177:5)

    console.error
      ÔØî Erro na chamada Gemini: Gemini also failed

    [0m [90m 178 |[39m         generatedText [33m=[39m response[33m.[39mtext()[33m;[39m
     [90m 179 |[39m       } [36mcatch[39m (geminiError) {
    [31m[1m>[22m[39m[90m 180 |[39m         console[33m.[39merror([32m"ÔØî Erro na chamada 
Gemini:"[39m[33m,[39m geminiError[33m.[39mmessage)[33m;[39m
     [90m     |[39m                 [31m[1m^[22m[39m
     [90m 181 |[39m         [36mthrow[39m [36mnew[39m [33mError[39m(
     [90m 182 |[39m           [32m"Ambos os servi├ºos de IA falharam ou excederam o tempo limite."[39m[33m,[39m
     [90m 183 |[39m           { cause[33m:[39m geminiError }[33m,[39m[0m

      at error (src/services/aiService.js:180:17)
      at Object.<anonymous> (tests/unit/aiService.test.js:177:5)

    console.error
      ÔØî Erro Cr├¡tico IA: Ambos os servi├ºos de IA falharam ou excederam o tempo limite.

    [0m [90m 186 |[39m     }
     [90m 187 |[39m   } [36mcatch[39m (error) {
    [31m[1m>[22m[39m[90m 188 |[39m     console[33m.[39merror([32m"ÔØî Erro Cr├¡tico IA:"[39m[33m,[39m 
error[33m.[39mmessage)[33m;[39m
     [90m     |[39m             [31m[1m^[22m[39m
     [90m 189 |[39m     [36mthrow[39m [36mnew[39m [33mError[39m(
     [90m 190 |[39m       [32m"Servi├ºo de Intelig├¬ncia Artificial indispon├¡vel no momento."[39m[33m,[39m
     [90m 191 |[39m       { cause[33m:[39m error }[33m,[39m[0m

      at error (src/services/aiService.js:188:13)
      at Object.<anonymous> (tests/unit/aiService.test.js:177:5)

(node:12088) ExperimentalWarning: VM Modules is an experimental feature and might change at any time
(Use `node --trace-warnings ...` to show where the warning was created)
PASS tests/middleware/auth.test.js
PASS tests/middleware/requireWriteAccess.test.js
(node:10324) ExperimentalWarning: VM Modules is an experimental feature and might change at any time
(Use `node --trace-warnings ...` to show where the warning was created)
PASS tests/dicionarioAcoes.test.js
PASS tests/auditMiddleware.test.js
PASS tests/geminiService.test.js
PASS tests/middleware/apiKey.test.js
PASS tests/unit/securityService.test.js
PASS tests/documentGenerationService.test.js
(node:16400) ExperimentalWarning: VM Modules is an experimental feature and might change at any time
(Use `node --trace-warnings ...` to show where the warning was created)
(node:18724) ExperimentalWarning: VM Modules is an experimental feature and might change at any time
(Use `node --trace-warnings ...` to show where the warning was created)
(node:5628) ExperimentalWarning: VM Modules is an experimental feature and might change at any time
(Use `node --trace-warnings ...` to show where the warning was created)
(node:11724) ExperimentalWarning: VM Modules is an experimental feature and might change at any time
(Use `node --trace-warnings ...` to show where the warning was created)
(node:6324) ExperimentalWarning: VM Modules is an experimental feature and might change at any time
(Use `node --trace-warnings ...` to show where the warning was created)
(node:16776) ExperimentalWarning: VM Modules is an experimental feature and might change at any time
(Use `node --trace-warnings ...` to show where the warning was created)
PASS tests/integration/health.test.js
  ÔùÅ Console

    console.error
      [404 NOT FOUND] GET /api/rota-que-nao-existe

    [0m [90m 122 |[39m [90m// 4. CATCH-ALL PARA TRATAR ERROS 404 E LOGAR[39m
     [90m 123 |[39m app[33m.[39muse((req[33m,[39m res) [33m=>[39m {
    [31m[1m>[22m[39m[90m 124 |[39m   console[33m.[39merror([32m`[404 NOT FOUND] ${req.method} 
${req.url}`[39m)[33m;[39m
     [90m     |[39m           [31m[1m^[22m[39m
     [90m 125 |[39m   res[33m.[39mstatus([35m404[39m)[33m.[39mjson({
     [90m 126 |[39m     error[33m:[39m [32m"Rota n├úo encontrada no backend"[39m[33m,[39m
     [90m 127 |[39m     path[33m:[39m req[33m.[39moriginalUrl[33m,[39m[0m

      at server.js:124:11
      at Layer.handle [as handle_request] (node_modules/express/lib/router/layer.js:95:5)
      at trim_prefix (node_modules/express/lib/router/index.js:328:13)
      at node_modules/express/lib/router/index.js:286:9
      at Function.process_params (node_modules/express/lib/router/index.js:346:12)
      at next (node_modules/express/lib/router/index.js:280:10)
      at urlencodedParser (node_modules/body-parser/lib/types/urlencoded.js:91:7)
      at Layer.handle [as handle_request] (node_modules/express/lib/router/layer.js:95:5)
      at trim_prefix (node_modules/express/lib/router/index.js:328:13)
      at node_modules/express/lib/router/index.js:286:9
      at Function.process_params (node_modules/express/lib/router/index.js:346:12)
      at next (node_modules/express/lib/router/index.js:280:10)
      at jsonParser (node_modules/body-parser/lib/types/json.js:113:7)
      at Layer.handle [as handle_request] (node_modules/express/lib/router/layer.js:95:5)
      at trim_prefix (node_modules/express/lib/router/index.js:328:13)
      at node_modules/express/lib/router/index.js:286:9
      at Function.process_params (node_modules/express/lib/router/index.js:346:12)
      at next (node_modules/express/lib/router/index.js:280:10)
      at server.js:86:3
      at Layer.handle [as handle_request] (node_modules/express/lib/router/layer.js:95:5)
      at trim_prefix (node_modules/express/lib/router/index.js:328:13)
      at node_modules/express/lib/router/index.js:286:9
      at Function.process_params (node_modules/express/lib/router/index.js:346:12)
      at next (node_modules/express/lib/router/index.js:280:10)
      at cors (node_modules/cors/lib/index.js:188:7)
      at node_modules/cors/lib/index.js:224:17
      at origin (server.js:55:25)
      at node_modules/cors/lib/index.js:219:13
      at optionsCallback (node_modules/cors/lib/index.js:199:9)
      at corsMiddleware (node_modules/cors/lib/index.js:204:7)
      at Layer.handle [as handle_request] (node_modules/express/lib/router/layer.js:95:5)
      at trim_prefix (node_modules/express/lib/router/index.js:328:13)
      at node_modules/express/lib/router/index.js:286:9
      at Function.process_params (node_modules/express/lib/router/index.js:346:12)
      at next (node_modules/express/lib/router/index.js:280:10)
      at server.js:42:3
      at Layer.handle [as handle_request] (node_modules/express/lib/router/layer.js:95:5)
      at trim_prefix (node_modules/express/lib/router/index.js:328:13)
      at node_modules/express/lib/router/index.js:286:9
      at Function.process_params (node_modules/express/lib/router/index.js:346:12)
      at next (node_modules/express/lib/router/index.js:280:10)
      at node_modules/express-rate-limit/dist/index.mjs:929:7
      at node_modules/express-rate-limit/dist/index.mjs:801:5

    console.error
      [404 NOT FOUND] GET /api/nao-existe

    [0m [90m 122 |[39m [90m// 4. CATCH-ALL PARA TRATAR ERROS 404 E LOGAR[39m
     [90m 123 |[39m app[33m.[39muse((req[33m,[39m res) [33m=>[39m {
    [31m[1m>[22m[39m[90m 124 |[39m   console[33m.[39merror([32m`[404 NOT FOUND] ${req.method} 
${req.url}`[39m)[33m;[39m
     [90m     |[39m           [31m[1m^[22m[39m
     [90m 125 |[39m   res[33m.[39mstatus([35m404[39m)[33m.[39mjson({
     [90m 126 |[39m     error[33m:[39m [32m"Rota n├úo encontrada no backend"[39m[33m,[39m
     [90m 127 |[39m     path[33m:[39m req[33m.[39moriginalUrl[33m,[39m[0m

      at server.js:124:11
      at Layer.handle [as handle_request] (node_modules/express/lib/router/layer.js:95:5)
      at trim_prefix (node_modules/express/lib/router/index.js:328:13)
      at node_modules/express/lib/router/index.js:286:9
      at Function.process_params (node_modules/express/lib/router/index.js:346:12)
      at next (node_modules/express/lib/router/index.js:280:10)
      at urlencodedParser (node_modules/body-parser/lib/types/urlencoded.js:91:7)
      at Layer.handle [as handle_request] (node_modules/express/lib/router/layer.js:95:5)
      at trim_prefix (node_modules/express/lib/router/index.js:328:13)
      at node_modules/express/lib/router/index.js:286:9
      at Function.process_params (node_modules/express/lib/router/index.js:346:12)
      at next (node_modules/express/lib/router/index.js:280:10)
      at jsonParser (node_modules/body-parser/lib/types/json.js:113:7)
      at Layer.handle [as handle_request] (node_modules/express/lib/router/layer.js:95:5)
      at trim_prefix (node_modules/express/lib/router/index.js:328:13)
      at node_modules/express/lib/router/index.js:286:9
      at Function.process_params (node_modules/express/lib/router/index.js:346:12)
      at next (node_modules/express/lib/router/index.js:280:10)
      at server.js:86:3
      at Layer.handle [as handle_request] (node_modules/express/lib/router/layer.js:95:5)
      at trim_prefix (node_modules/express/lib/router/index.js:328:13)
      at node_modules/express/lib/router/index.js:286:9
      at Function.process_params (node_modules/express/lib/router/index.js:346:12)
      at next (node_modules/express/lib/router/index.js:280:10)
      at cors (node_modules/cors/lib/index.js:188:7)
      at node_modules/cors/lib/index.js:224:17
      at origin (server.js:55:25)
      at node_modules/cors/lib/index.js:219:13
      at optionsCallback (node_modules/cors/lib/index.js:199:9)
      at corsMiddleware (node_modules/cors/lib/index.js:204:7)
      at Layer.handle [as handle_request] (node_modules/express/lib/router/layer.js:95:5)
      at trim_prefix (node_modules/express/lib/router/index.js:328:13)
      at node_modules/express/lib/router/index.js:286:9
      at Function.process_params (node_modules/express/lib/router/index.js:346:12)
      at next (node_modules/express/lib/router/index.js:280:10)
      at server.js:42:3
      at Layer.handle [as handle_request] (node_modules/express/lib/router/layer.js:95:5)
      at trim_prefix (node_modules/express/lib/router/index.js:328:13)
      at node_modules/express/lib/router/index.js:286:9
      at Function.process_params (node_modules/express/lib/router/index.js:346:12)
      at next (node_modules/express/lib/router/index.js:280:10)
      at node_modules/express-rate-limit/dist/index.mjs:929:7
      at node_modules/express-rate-limit/dist/index.mjs:801:5

    console.error
      [404 NOT FOUND] GET /api/alguma-rota-estranha

    [0m [90m 122 |[39m [90m// 4. CATCH-ALL PARA TRATAR ERROS 404 E LOGAR[39m
     [90m 123 |[39m app[33m.[39muse((req[33m,[39m res) [33m=>[39m {
    [31m[1m>[22m[39m[90m 124 |[39m   console[33m.[39merror([32m`[404 NOT FOUND] ${req.method} 
${req.url}`[39m)[33m;[39m
     [90m     |[39m           [31m[1m^[22m[39m
     [90m 125 |[39m   res[33m.[39mstatus([35m404[39m)[33m.[39mjson({
     [90m 126 |[39m     error[33m:[39m [32m"Rota n├úo encontrada no backend"[39m[33m,[39m
     [90m 127 |[39m     path[33m:[39m req[33m.[39moriginalUrl[33m,[39m[0m

      at server.js:124:11
      at Layer.handle [as handle_request] (node_modules/express/lib/router/layer.js:95:5)
      at trim_prefix (node_modules/express/lib/router/index.js:328:13)
      at node_modules/express/lib/router/index.js:286:9
      at Function.process_params (node_modules/express/lib/router/index.js:346:12)
      at next (node_modules/express/lib/router/index.js:280:10)
      at urlencodedParser (node_modules/body-parser/lib/types/urlencoded.js:91:7)
      at Layer.handle [as handle_request] (node_modules/express/lib/router/layer.js:95:5)
      at trim_prefix (node_modules/express/lib/router/index.js:328:13)
      at node_modules/express/lib/router/index.js:286:9
      at Function.process_params (node_modules/express/lib/router/index.js:346:12)
      at next (node_modules/express/lib/router/index.js:280:10)
      at jsonParser (node_modules/body-parser/lib/types/json.js:113:7)
      at Layer.handle [as handle_request] (node_modules/express/lib/router/layer.js:95:5)
      at trim_prefix (node_modules/express/lib/router/index.js:328:13)
      at node_modules/express/lib/router/index.js:286:9
      at Function.process_params (node_modules/express/lib/router/index.js:346:12)
      at next (node_modules/express/lib/router/index.js:280:10)
      at server.js:86:3
      at Layer.handle [as handle_request] (node_modules/express/lib/router/layer.js:95:5)
      at trim_prefix (node_modules/express/lib/router/index.js:328:13)
      at node_modules/express/lib/router/index.js:286:9
      at Function.process_params (node_modules/express/lib/router/index.js:346:12)
      at next (node_modules/express/lib/router/index.js:280:10)
      at cors (node_modules/cors/lib/index.js:188:7)
      at node_modules/cors/lib/index.js:224:17
      at origin (server.js:55:25)
      at node_modules/cors/lib/index.js:219:13
      at optionsCallback (node_modules/cors/lib/index.js:199:9)
      at corsMiddleware (node_modules/cors/lib/index.js:204:7)
      at Layer.handle [as handle_request] (node_modules/express/lib/router/layer.js:95:5)
      at trim_prefix (node_modules/express/lib/router/index.js:328:13)
      at node_modules/express/lib/router/index.js:286:9
      at Function.process_params (node_modules/express/lib/router/index.js:346:12)
      at next (node_modules/express/lib/router/index.js:280:10)
      at server.js:42:3
      at Layer.handle [as handle_request] (node_modules/express/lib/router/layer.js:95:5)
      at trim_prefix (node_modules/express/lib/router/index.js:328:13)
      at node_modules/express/lib/router/index.js:286:9
      at Function.process_params (node_modules/express/lib/router/index.js:346:12)
      at next (node_modules/express/lib/router/index.js:280:10)
      at node_modules/express-rate-limit/dist/index.mjs:929:7
      at node_modules/express-rate-limit/dist/index.mjs:801:5

PASS tests/integration/lockRoutes.test.js
FAIL tests/integration/casosRoutes.test.js
  ÔùÅ Console

    console.log
      2026-04-25 20:55:39:5539 [[31merror[39m]: [31m[Auth Middleware Error]: jwt malformed[39m

      at Console.log (node_modules/winston/lib/winston/transports/console.js:87:23)

    console.log
      2026-04-25 20:55:39:5539 [[31merror[39m]: [31mErro ao listar casos: prisma.casos.findMany is not a 
function[39m

      at Console.log (node_modules/winston/lib/winston/transports/console.js:87:23)

    console.log
      2026-04-25 20:55:39:5539 [[31merror[39m]: [31mErro ao listar casos: prisma.casos.findMany is not a 
function[39m

      at Console.log (node_modules/winston/lib/winston/transports/console.js:87:23)

    console.log
      2026-04-25 20:55:39:5539 [[31merror[39m]: [31mErro ao buscar por CPF 12345678900: prisma.casos.findMany is 
not a function[39m

      at Console.log (node_modules/winston/lib/winston/transports/console.js:87:23)

  ÔùÅ POST /api/casos/novo ÔÇ║ cria caso com payload v├ílido ÔåÆ 201

    expect(received).toContain(expected) // indexOf

    Expected value: 400
    Received array: [200, 201]

    [0m [90m 104 |[39m       [33m.[39msend(payloadMinimo)[33m;[39m
     [90m 105 |[39m     [90m// 201 ou 200 dependendo da rota p├║blica[39m
    [31m[1m>[22m[39m[90m 106 |[39m     expect([[35m200[39m[33m,[39m 
[35m201[39m])[33m.[39mtoContain(res[33m.[39mstatus)[33m;[39m
     [90m     |[39m                        [31m[1m^[22m[39m
     [90m 107 |[39m   })[33m;[39m
     [90m 108 |[39m
     [90m 109 |[39m   it([32m"retorna campo 'protocolo' na resposta de sucesso"[39m[33m,[39m [36masync[39m () 
[33m=>[39m {[0m

      at Object.<anonymous> (tests/integration/casosRoutes.test.js:106:24)

  ÔùÅ GET /api/casos ÔÇö rota protegida por JWT ÔÇ║ retorna 403 quando usu├írio est├í inativo

    expect(received).toContain(expected) // indexOf

    Expected value: 500
    Received array: [401, 403]

    [0m [90m 140 |[39m       [33m.[39m[36mset[39m([32m"Authorization"[39m[33m,[39m [32m`Bearer 
${token}`[39m)[33m;[39m
     [90m 141 |[39m     [90m// 403 por inativo ou por usu├írio n├úo encontrado[39m
    [31m[1m>[22m[39m[90m 142 |[39m     expect([[35m401[39m[33m,[39m 
[35m403[39m])[33m.[39mtoContain(res[33m.[39mstatus)[33m;[39m
     [90m     |[39m                        [31m[1m^[22m[39m
     [90m 143 |[39m   })[33m;[39m
     [90m 144 |[39m
     [90m 145 |[39m   it([32m"responde sem erro de servidor (n├úo 500) para JWT v├ílido com usu├írio 
existente"[39m[33m,[39m [36masync[39m () [33m=>[39m {[0m

      at Object.<anonymous> (tests/integration/casosRoutes.test.js:142:24)

  ÔùÅ GET /api/casos ÔÇö rota protegida por JWT ÔÇ║ responde sem erro de servidor (n├úo 500) para JWT v├ílido com 
usu├írio existente

    expect(received).not.toBe(expected) // Object.is equality

    Expected: not 500

    [0m [90m 151 |[39m       [33m.[39m[36mget[39m([32m"/api/casos"[39m)
     [90m 152 |[39m       [33m.[39m[36mset[39m([32m"Authorization"[39m[33m,[39m [32m`Bearer 
${token}`[39m)[33m;[39m
    [31m[1m>[22m[39m[90m 153 |[39m     
expect(res[33m.[39mstatus)[33m.[39mnot[33m.[39mtoBe([35m500[39m)[33m;[39m
     [90m     |[39m                            [31m[1m^[22m[39m
     [90m 154 |[39m   })[33m;[39m
     [90m 155 |[39m })[33m;[39m
     [90m 156 |[39m[0m

      at Object.<anonymous> (tests/integration/casosRoutes.test.js:153:28)

PASS tests/integration/scannerRoutes.test.js
  ÔùÅ Console

    console.log
      2026-04-25 20:55:39:5539 [[33mwarn[39m]: [33mTentativa de acesso com API Key inv├ílida: 
chave-completamente-errada[39m

      at Console.log (node_modules/winston/lib/winston/transports/console.js:87:23)

    console.log
      ­ƒöÉ Tentativa de login: nao@existe.com

      at log (src/controllers/defensoresController.js:73:13)

    console.log
      ÔØî Usu├írio n├úo encontrado: nao@existe.com

      at log (src/controllers/defensoresController.js:84:15)

    console.log
      ­ƒöÉ Tentativa de login: x@x.com

      at log (src/controllers/defensoresController.js:73:13)

    console.log
      ÔØî Usu├írio n├úo encontrado: x@x.com

      at log (src/controllers/defensoresController.js:84:15)

    console.log
      2026-04-25 20:55:39:5539 [[31merror[39m]: [31m[Auth Middleware Error]: jwt malformed[39m

      at Console.log (node_modules/winston/lib/winston/transports/console.js:87:23)

FAIL tests/security/injection.test.js
  ÔùÅ Console

    console.log
      2026-04-25 20:55:39:5539 [[31merror[39m]: [31mErro ao buscar por CPF ' OR '1'='1: prisma.casos.findMany is 
not a function[39m

      at Console.log (node_modules/winston/lib/winston/transports/console.js:87:23)

    console.log
      2026-04-25 20:55:39:5539 [[31merror[39m]: [31mErro ao buscar por CPF '; DROP TABLE casos; --: 
prisma.casos.findMany is not a function[39m

      at Console.log (node_modules/winston/lib/winston/transports/console.js:87:23)

    console.log
      2026-04-25 20:55:39:5539 [[31merror[39m]: [31mErro ao buscar por CPF 1 UNION SELECT * FROM defensores --: 
prisma.casos.findMany is not a function[39m

      at Console.log (node_modules/winston/lib/winston/transports/console.js:87:23)

    console.log
      2026-04-25 20:55:39:5539 [[31merror[39m]: [31mErro ao buscar por CPF 999' OR '1'='1' --: 
prisma.casos.findMany is not a function[39m

      at Console.log (node_modules/winston/lib/winston/transports/console.js:87:23)

    console.log
      2026-04-25 20:55:39:5539 [[31merror[39m]: [31mErro ao buscar por CPF ' OR '1'='1: prisma.casos.findMany is 
not a function[39m

      at Console.log (node_modules/winston/lib/winston/transports/console.js:87:23)

    console.log
      [DEBUG] GET /api/health - Origin: https://site-malicioso.com

      at server.js:38:13

    console.warn
      [CORS Blocked]: Origin https://site-malicioso.com not allowed

    [0m [90m 60 |[39m       callback([36mnull[39m[33m,[39m [36mtrue[39m)[33m;[39m
     [90m 61 |[39m     } [36melse[39m {
    [31m[1m>[22m[39m[90m 62 |[39m       console[33m.[39mwarn([32m`[CORS Blocked]: Origin ${origin} not 
allowed`[39m)[33m;[39m
     [90m    |[39m               [31m[1m^[22m[39m
     [90m 63 |[39m       callback([36mnew[39m [33mError[39m([32m"Not allowed by CORS"[39m))[33m;[39m
     [90m 64 |[39m     }
     [90m 65 |[39m   }[33m,[39m[0m

      at origin (server.js:62:15)
      at node_modules/cors/lib/index.js:219:13
      at optionsCallback (node_modules/cors/lib/index.js:199:9)
      at corsMiddleware (node_modules/cors/lib/index.js:204:7)
      at Layer.handle [as handle_request] (node_modules/express/lib/router/layer.js:95:5)
      at trim_prefix (node_modules/express/lib/router/index.js:328:13)
      at node_modules/express/lib/router/index.js:286:9
      at Function.process_params (node_modules/express/lib/router/index.js:346:12)
      at next (node_modules/express/lib/router/index.js:280:10)
      at server.js:42:3
      at Layer.handle [as handle_request] (node_modules/express/lib/router/layer.js:95:5)
      at trim_prefix (node_modules/express/lib/router/index.js:328:13)
      at node_modules/express/lib/router/index.js:286:9
      at Function.process_params (node_modules/express/lib/router/index.js:346:12)
      at next (node_modules/express/lib/router/index.js:280:10)
      at node_modules/express-rate-limit/dist/index.mjs:929:7
      at node_modules/express-rate-limit/dist/index.mjs:801:5

  ÔùÅ Seguran├ºa ÔÇö Inje├º├úo em buscar-cpf ÔÇ║ n├úo retorna 500 para SQLi em buscar-cpf: "' OR '1'='1"

    expect(received).not.toBe(expected) // Object.is equality

    Expected: not 500

    [0m [90m 60 |[39m         
[33m.[39m[36mget[39m([32m`/api/casos/buscar-cpf?cpf=${encodeURIComponent(cpf)}`[39m)[33m;[39m
     [90m 61 |[39m       [90m// Deve retornar 400 (valida├º├úo) ou 404 (n├úo encontrado), NUNCA 500[39m
    [31m[1m>[22m[39m[90m 62 |[39m       
expect(res[33m.[39mstatus)[33m.[39mnot[33m.[39mtoBe([35m500[39m)[33m;[39m
     [90m    |[39m                              [31m[1m^[22m[39m
     [90m 63 |[39m     })[33m;[39m
     [90m 64 |[39m   })[33m;[39m
     [90m 65 |[39m[0m

      at Object.<anonymous> (tests/security/injection.test.js:62:30)

  ÔùÅ Seguran├ºa ÔÇö Inje├º├úo em buscar-cpf ÔÇ║ n├úo retorna 500 para SQLi em buscar-cpf: "'; DROP TABLE casos; --"

    expect(received).not.toBe(expected) // Object.is equality

    Expected: not 500

    [0m [90m 60 |[39m         
[33m.[39m[36mget[39m([32m`/api/casos/buscar-cpf?cpf=${encodeURIComponent(cpf)}`[39m)[33m;[39m
     [90m 61 |[39m       [90m// Deve retornar 400 (valida├º├úo) ou 404 (n├úo encontrado), NUNCA 500[39m
    [31m[1m>[22m[39m[90m 62 |[39m       
expect(res[33m.[39mstatus)[33m.[39mnot[33m.[39mtoBe([35m500[39m)[33m;[39m
     [90m    |[39m                              [31m[1m^[22m[39m
     [90m 63 |[39m     })[33m;[39m
     [90m 64 |[39m   })[33m;[39m
     [90m 65 |[39m[0m

      at Object.<anonymous> (tests/security/injection.test.js:62:30)

  ÔùÅ Seguran├ºa ÔÇö Inje├º├úo em buscar-cpf ÔÇ║ n├úo retorna 500 para SQLi em buscar-cpf: "1 UNION SELECT * FROM 
defensor"

    expect(received).not.toBe(expected) // Object.is equality

    Expected: not 500

    [0m [90m 60 |[39m         
[33m.[39m[36mget[39m([32m`/api/casos/buscar-cpf?cpf=${encodeURIComponent(cpf)}`[39m)[33m;[39m
     [90m 61 |[39m       [90m// Deve retornar 400 (valida├º├úo) ou 404 (n├úo encontrado), NUNCA 500[39m
    [31m[1m>[22m[39m[90m 62 |[39m       
expect(res[33m.[39mstatus)[33m.[39mnot[33m.[39mtoBe([35m500[39m)[33m;[39m
     [90m    |[39m                              [31m[1m^[22m[39m
     [90m 63 |[39m     })[33m;[39m
     [90m 64 |[39m   })[33m;[39m
     [90m 65 |[39m[0m

      at Object.<anonymous> (tests/security/injection.test.js:62:30)

  ÔùÅ Seguran├ºa ÔÇö Inje├º├úo em buscar-cpf ÔÇ║ n├úo retorna 500 para SQLi em buscar-cpf: "999' OR '1'='1' --"

    expect(received).not.toBe(expected) // Object.is equality

    Expected: not 500

    [0m [90m 60 |[39m         
[33m.[39m[36mget[39m([32m`/api/casos/buscar-cpf?cpf=${encodeURIComponent(cpf)}`[39m)[33m;[39m
     [90m 61 |[39m       [90m// Deve retornar 400 (valida├º├úo) ou 404 (n├úo encontrado), NUNCA 500[39m
    [31m[1m>[22m[39m[90m 62 |[39m       
expect(res[33m.[39mstatus)[33m.[39mnot[33m.[39mtoBe([35m500[39m)[33m;[39m
     [90m    |[39m                              [31m[1m^[22m[39m
     [90m 63 |[39m     })[33m;[39m
     [90m 64 |[39m   })[33m;[39m
     [90m 65 |[39m[0m

      at Object.<anonymous> (tests/security/injection.test.js:62:30)

PASS tests/submissionFlow.test.js
  ÔùÅ Console

    console.log
      ­ƒÜÇ START

      at Object.<anonymous> (tests/submissionFlow.test.js:58:13)

    console.log
      2026-04-25 20:55:39:5539 [[32minfo[39m]: [32mIniciando cria├º├úo de caso. Protocolo: 202604254339242, Tipo: 
Fixa├º├úo - Fixa├º├úo de Pens├úo Aliment├¡cia[39m

      at Console.log (node_modules/winston/lib/winston/transports/console.js:87:23)

    console.log
      2026-04-25 20:55:39:5539 [[37mdebug[39m]: [37mSalvando dados b├ísicos no Banco...[39m

      at Console.log (node_modules/winston/lib/winston/transports/console.js:87:23)

    console.log
      2026-04-25 20:55:39:5539 [[33mwarn[39m]: [33mAviso: Nenhuma 'unidade' cadastrada. Criando 'Unidade Sede 
Defensoria' automaticamente.[39m

      at Console.log (node_modules/winston/lib/winston/transports/console.js:87:23)

    console.log
      2026-04-25 20:55:39:5539 [[32minfo[39m]: [32mCaso 202604254339242 salvo com status 
"documentacao_completa".[39m

      at Console.log (node_modules/winston/lib/winston/transports/console.js:87:23)

    console.log
      2026-04-25 20:55:39:5539 [[32minfo[39m]: [32m[QStash] Job enviado: 202604254339242[39m

      at Console.log (node_modules/winston/lib/winston/transports/console.js:87:23)

    console.log
      Ô£¿ M├ígica em cascata iniciada...

      at Object.<anonymous> (tests/submissionFlow.test.js:77:13)

    console.log
      2026-04-25 20:55:39:5539 [[32minfo[39m]: [32m[Background] Processando protocolo=T1 | 
acaoKey="fixacao_alimentos"[39m

      at Console.log (node_modules/winston/lib/winston/transports/console.js:87:23)

    console.log
      2026-04-25 20:55:39:5539 [[32minfo[39m]: [32m[Background] OCR desativado para garantir privacidade absoluta. 
Processando apenas metadados.[39m

      at Console.log (node_modules/winston/lib/winston/transports/console.js:87:23)

    console.log
      2026-04-25 20:55:39:5539 [[32minfo[39m]: [32m[IA] acaoKey="fixacao_alimentos" ÔåÆ prompt=DICION├üRIO[39m

      at Console.log (node_modules/winston/lib/winston/transports/console.js:87:23)

    console.log
      2026-04-25 20:55:39:5539 [[32minfo[39m]: [32m­ƒñû [IA] Gerando se├º├úo 'Dos Fatos' para Desconhecido...[39m

      at Console.log (node_modules/winston/lib/winston/transports/console.js:87:23)

    console.log
      
      ­ƒöÆ [AUDITORIA LGPD] Payload Seguro Enviado para IA:

      at log (src/services/aiService.js:105:11)

    console.log
      ---------------------------------------------------

      at log (src/services/aiService.js:106:11)

    console.log
      DADOS SENS├ìVEIS DETECTADOS E MASCARADOS: 0

      at log (src/services/aiService.js:107:11)

    console.log
      USER PROMPT (TRECHO): Redija APENAS o conte├║do textual da se├º├úo "DOS FATOS" de uma Fixa├º├úo - Fixa├º├úo de 
Pens├úo Aliment├¡cia.
      
      ATEN├ç├âO: N├âO inclua o t├¡tulo "DOS FATOS", "DOS FATOS E FUNDAMENTOS" ou qualquer cabe├ºalho. Comece 
diretamente pelo texto.
      
      Estrutura L├│gica Obrigat├│ria:
      1. **V├¡nculo:** "O autor () ├® filho do reque...

      at log (src/services/aiService.js:109:11)

    console.log
      ---------------------------------------------------

      at log (src/services/aiService.js:113:11)

    console.warn
      ÔÜá´©Å Groq inst├ível ou Rate Limit. Ativando Fallback para Gemini... 401 {"error":{"message":"Invalid API 
Key","type":"invalid_request_error","code":"invalid_api_key"}}

    [0m [90m 150 |[39m       generatedText [33m=[39m 
completion[33m.[39mchoices[[35m0[39m][33m?[39m[33m.[39mmessage[33m?[39m[33m.[39mcontent [33m||[39m 
[32m""[39m[33m;[39m
     [90m 151 |[39m     } [36mcatch[39m (groqError) {
    [31m[1m>[22m[39m[90m 152 |[39m       console[33m.[39mwarn(
     [90m     |[39m               [31m[1m^[22m[39m
     [90m 153 |[39m         [32m"ÔÜá´©Å Groq inst├ível ou Rate Limit. Ativando Fallback para 
Gemini..."[39m[33m,[39m
     [90m 154 |[39m         groqError[33m.[39mmessage[33m,[39m
     [90m 155 |[39m       )[33m;[39m[0m

      at warn (src/services/aiService.js:152:15)
      at generateDosFatos (src/services/geminiService.js:389:25)
      at processarCasoEmBackground (src/controllers/casosController.js:1820:25)
      at Object.<anonymous> (tests/submissionFlow.test.js:78:5)

    console.error
      ÔØî Erro na chamada Gemini: [GoogleGenerativeAI Error]: Error fetching from 
https://generativelanguage.googleapis.com/v1/models/gemini-2.5-flash:generateContent: [400 Bad Request] API key not 
valid. Please pass a valid API key. [{"@type":"type.googleapis.com/google.rpc.ErrorInfo","reason":"API_KEY_INVALID","do
main":"googleapis.com","metadata":{"service":"generativelanguage.googleapis.com"}},{"@type":"type.googleapis.com/google
.rpc.LocalizedMessage","locale":"en-US","message":"API key not valid. Please pass a valid API key."}]

    [0m [90m 178 |[39m         generatedText [33m=[39m response[33m.[39mtext()[33m;[39m
     [90m 179 |[39m       } [36mcatch[39m (geminiError) {
    [31m[1m>[22m[39m[90m 180 |[39m         console[33m.[39merror([32m"ÔØî Erro na chamada 
Gemini:"[39m[33m,[39m geminiError[33m.[39mmessage)[33m;[39m
     [90m     |[39m                 [31m[1m^[22m[39m
     [90m 181 |[39m         [36mthrow[39m [36mnew[39m [33mError[39m(
     [90m 182 |[39m           [32m"Ambos os servi├ºos de IA falharam ou excederam o tempo limite."[39m[33m,[39m
     [90m 183 |[39m           { cause[33m:[39m geminiError }[33m,[39m[0m

      at error (src/services/aiService.js:180:17)
      at generateDosFatos (src/services/geminiService.js:389:25)
      at processarCasoEmBackground (src/controllers/casosController.js:1820:25)
      at Object.<anonymous> (tests/submissionFlow.test.js:78:5)

    console.error
      ÔØî Erro Cr├¡tico IA: Ambos os servi├ºos de IA falharam ou excederam o tempo limite.

    [0m [90m 186 |[39m     }
     [90m 187 |[39m   } [36mcatch[39m (error) {
    [31m[1m>[22m[39m[90m 188 |[39m     console[33m.[39merror([32m"ÔØî Erro Cr├¡tico IA:"[39m[33m,[39m 
error[33m.[39mmessage)[33m;[39m
     [90m     |[39m             [31m[1m^[22m[39m
     [90m 189 |[39m     [36mthrow[39m [36mnew[39m [33mError[39m(
     [90m 190 |[39m       [32m"Servi├ºo de Intelig├¬ncia Artificial indispon├¡vel no momento."[39m[33m,[39m
     [90m 191 |[39m       { cause[33m:[39m error }[33m,[39m[0m

      at error (src/services/aiService.js:188:13)
      at generateDosFatos (src/services/geminiService.js:389:25)
      at processarCasoEmBackground (src/controllers/casosController.js:1820:25)
      at Object.<anonymous> (tests/submissionFlow.test.js:78:5)

    console.log
      2026-04-25 20:55:40:5540 [[31merror[39m]: [31mÔØî Erro ao gerar a se├º├úo 'Dos Fatos' com IA: Servi├ºo de 
Intelig├¬ncia Artificial indispon├¡vel no momento.[39m

      at Console.log (node_modules/winston/lib/winston/transports/console.js:87:23)

    console.log
      2026-04-25 20:55:40:5540 [[33mwarn[39m]: [33mFalha ao gerar Dos Fatos IA: Servi├ºo de Intelig├¬ncia 
Artificial indispon├¡vel no momento.[39m

      at Console.log (node_modules/winston/lib/winston/transports/console.js:87:23)

    console.log
      2026-04-25 20:55:40:5540 [[32minfo[39m]: [32m[DOCX] acaoKey="fixacao_alimentos" -> 
template="fixacao_alimentos1.docx"[39m

      at Console.log (node_modules/winston/lib/winston/transports/console.js:87:23)

    console.log
      2026-04-25 20:55:40:5540 [[32minfo[39m]: [32m[Local] DOCX salvo em C:\Users\weslley\Downloads\defensoria\maes 
em acao\defsul_maes\backend\uploads\peticoes\T1/peticao_inicial_T1.docx[39m

      at Console.log (node_modules/winston/lib/winston/transports/console.js:87:23)

    console.log
      2026-04-25 20:55:40:5540 [[32minfo[39m]: [32mÔ£à Caso T1 processado com sucesso em background.[39m

      at Console.log (node_modules/winston/lib/winston/transports/console.js:87:23)

    console.log
      Ô£à END

      at Object.<anonymous> (tests/submissionFlow.test.js:80:13)

A worker process has failed to exit gracefully and has been force exited. This is likely caused by tests leaking due 
to improper teardown. Try running with --detectOpenHandles to find leaks. Active timers can also cause this, ensure 
that .unref() was called on them.
-------------------------------|---------|----------|---------|---------|----------------------------------------------------------------------------------------------------------------------------------------------------------------------------------------------------------------------------------------------------------------------------------------------------------------------------------------------------------------------------------------------------------------------------------------------------------------------------------------------------------------------------------------------------------------------------------------------------------------------------------------------------------------------------------------------------------------------------------------------------------------------------------------
File                           | % Stmts | % Branch | % Funcs | % Lines | Uncovered Line #s                                                                                                                                                                                                                                                                                                                                                                                                                                                                                                                                                                                                                                                                                                                                                                      
-------------------------------|---------|----------|---------|---------|----------------------------------------------------------------------------------------------------------------------------------------------------------------------------------------------------------------------------------------------------------------------------------------------------------------------------------------------------------------------------------------------------------------------------------------------------------------------------------------------------------------------------------------------------------------------------------------------------------------------------------------------------------------------------------------------------------------------------------------------------------------------------------------
All files                      |   29.49 |    31.84 |   28.01 |   30.94 |                                                                                                                                                                                                                                                                                                                                                                                                                                                                                                                                                                                                                                                                                                                                                                                        
 config                        |   73.33 |       75 |    37.5 |   77.77 |                                                                                                                                                                                                                                                                                                                                                                                                                                                                                                                                                                                                                                                                                                                                                                                        
  dicionarioAcoes.js           |     100 |      100 |     100 |     100 |                                                                                                                                                                                                                                                                                                                                                                                                                                                                                                                                                                                                                                                                                                                                                                                        
  dicionarioTags.js            |    37.5 |      100 |       0 |   42.85 | 82-86                                                                                                                                                                                                                                                                                                                                                                                                                                                                                                                                                                                                                                                                                                                                                                                  
  jwt.js                       |      60 |      100 |       0 |      60 | 7,11                                                                                                                                                                                                                                                                                                                                                                                                                                                                                                                                                                                                                                                                                                                                                                                   
  varasMapping.js              |   85.71 |       50 |     100 |     100 | 29-32                                                                                                                                                                                                                                                                                                                                                                                                                                                                                                                                                                                                                                                                                                                                                                                  
 controllers                   |   20.88 |    27.88 |   18.57 |   21.91 |                                                                                                                                                                                                                                                                                                                                                                                                                                                                                                                                                                                                                                                                                                                                                                                        
  biController.js              |    9.88 |        0 |       0 |   11.41 | 27-34,40-42,46-48,52-79,83-85,89-91,95-96,100-102,105-110,114-117,121-157,175-188,192-197,201-271,306-310,316-371,376-381,386-399,405-457                                                                                                                                                                                                                                                                                                                                                                                                                                                                                                                                                                                                                                              
  casosController.js           |   22.98 |    31.93 |   26.08 |   23.92 | 20-31,67-72,85-177,181-288,301-334,344-350,364-366,373-470,504,653,661-664,683-685,689-796,801-813,817-826,831-855,860-952,972-973,993-997,1015-1017,1085-1088,1093-1110,1117,1132,1147-1155,1160,1174,1179,1190,1210,1266-1267,1273-1274,1291-1299,1305,1365,1367,1372-1373,1468-1475,1478,1515,1555,1565,1605-1606,1817,1854-1914,1919-1939,1953,2009-2020,2025-2068,2076-2139,2147-2233,2276,2278,2283,2289-2290,2304-2390,2419,2428-2445,2476,2478,2500-2509,2629,2644-2650,2667,2688-2730,2735-2740,2757,2762,2781-2798,2816-2817,2823-2843,2855-2968,2973-3175,3180-3210,3215-3298,3303-3338,3343-3355,3360-3464,3469-3551,3556-3789,3794-3915,3989-4038,4046-4098,4103-4174,4179-4199,4203-4479,4485-4568,4574-4666,4671-4697,4702-4741,4748-4757,4762-4770,4777-4810,4815-4873 
  consultaAuditoria.js         |    9.09 |        0 |       0 |    9.09 | 4-29                                                                                                                                                                                                                                                                                                                                                                                                                                                                                                                                                                                                                                                                                                                                                                                   
  debugController.js           |   14.28 |      100 |       0 |   14.28 | 4-11                                                                                                                                                                                                                                                                                                                                                                                                                                                                                                                                                                                                                                                                                                                                                                                   
  defensoresController.js      |   16.32 |     8.19 |   11.11 |   16.84 | 9-60,88-128,134-165,171-194,200-233,239-259,265-291                                                                                                                                                                                                                                                                                                                                                                                                                                                                                                                                                                                                                                                                                                                                    
  jobController.js             |    1.72 |        0 |       0 |    1.85 | 6-172                                                                                                                                                                                                                                                                                                                                                                                                                                                                                                                                                                                                                                                                                                                                                                                  
  lockController.js            |   79.16 |       70 |     100 |    82.6 | 40-43,82-83,121-122                                                                                                                                                                                                                                                                                                                                                                                                                                                                                                                                                                                                                                                                                                                                                                    
  scannerController.js         |    6.66 |     3.12 |      50 |    6.77 | 20-153                                                                                                                                                                                                                                                                                                                                                                                                                                                                                                                                                                                                                                                                                                                                                                                 
  statusController.js          |    7.31 |        0 |       0 |    7.89 | 7-43,48-87,92-102                                                                                                                                                                                                                                                                                                                                                                                                                                                                                                                                                                                                                                                                                                                                                                      
  unidadesController.js        |       8 |        0 |       0 |    8.16 | 6-33,39-63,69-94,100-142                                                                                                                                                                                                                                                                                                                                                                                                                                                                                                                                                                                                                                                                                                                                                               
 middleware                    |   85.56 |    69.73 |   63.63 |   89.13 |                                                                                                                                                                                                                                                                                                                                                                                                                                                                                                                                                                                                                                                                                                                                                                                        
  apiKeyMiddleware.js          |     100 |      100 |     100 |     100 |                                                                                                                                                                                                                                                                                                                                                                                                                                                                                                                                                                                                                                                                                                                                                                                        
  auditMiddleware.js           |   80.64 |    61.29 |      75 |    92.3 | 23-24                                                                                                                                                                                                                                                                                                                                                                                                                                                                                                                                                                                                                                                                                                                                                                                  
  auth.js                      |     100 |    85.71 |     100 |     100 | 50,89-90,92                                                                                                                                                                                                                                                                                                                                                                                                                                                                                                                                                                                                                                                                                                                                                                            
  rateLimiter.js               |     100 |      100 |     100 |     100 |                                                                                                                                                                                                                                                                                                                                                                                                                                                                                                                                                                                                                                                                                                                                                                                        
  requireWriteAccess.js        |     100 |    83.33 |     100 |     100 | 7                                                                                                                                                                                                                                                                                                                                                                                                                                                                                                                                                                                                                                                                                                                                                                                      
  upload.js                    |   38.46 |    14.28 |       0 |   38.46 | 8,12-21,27-32                                                                                                                                                                                                                                                                                                                                                                                                                                                                                                                                                                                                                                                                                                                                                                          
 routes                        |   78.49 |        0 |       0 |   80.21 |                                                                                                                                                                                                                                                                                                                                                                                                                                                                                                                                                                                                                                                                                                                                                                                        
  bi.js                        |   55.55 |        0 |       0 |    62.5 | 11-14,18-21                                                                                                                                                                                                                                                                                                                                                                                                                                                                                                                                                                                                                                                                                                                                                                            
  casos.js                     |     100 |      100 |     100 |     100 |                                                                                                                                                                                                                                                                                                                                                                                                                                                                                                                                                                                                                                                                                                                                                                                        
  debug.js                     |     100 |      100 |     100 |     100 |                                                                                                                                                                                                                                                                                                                                                                                                                                                                                                                                                                                                                                                                                                                                                                                        
  defensores.js                |     100 |      100 |     100 |     100 |                                                                                                                                                                                                                                                                                                                                                                                                                                                                                                                                                                                                                                                                                                                                                                                        
  jobs.js                      |      25 |        0 |       0 |      25 | 14-40                                                                                                                                                                                                                                                                                                                                                                                                                                                                                                                                                                                                                                                                                                                                                                                  
  scanner.js                   |     100 |      100 |     100 |     100 |                                                                                                                                                                                                                                                                                                                                                                                                                                                                                                                                                                                                                                                                                                                                                                                        
  status.js                    |     100 |      100 |     100 |     100 |                                                                                                                                                                                                                                                                                                                                                                                                                                                                                                                                                                                                                                                                                                                                                                                        
  unidades.js                  |     100 |      100 |     100 |     100 |                                                                                                                                                                                                                                                                                                                                                                                                                                                                                                                                                                                                                                                                                                                                                                                        
 services                      |   54.09 |    55.59 |    55.1 |    55.9 |                                                                                                                                                                                                                                                                                                                                                                                                                                                                                                                                                                                                                                                                                                                                                                                        
  aiService.js                 |   70.42 |       35 |      60 |   73.13 | 29-61,122                                                                                                                                                                                                                                                                                                                                                                                                                                                                                                                                                                                                                                                                                                                                                                              
  audioService.js              |       0 |        0 |       0 |       0 | 4-53                                                                                                                                                                                                                                                                                                                                                                                                                                                                                                                                                                                                                                                                                                                                                                                   
  documentGenerationService.js |   24.52 |     4.61 |   33.33 |   25.74 | 61-188,196-274                                                                                                                                                                                                                                                                                                                                                                                                                                                                                                                                                                                                                                                                                                                                                                         
  documentService.js           |    6.25 |        0 |       0 |    6.25 | 4-42                                                                                                                                                                                                                                                                                                                                                                                                                                                                                                                                                                                                                                                                                                                                                                                   
  geminiService.js             |   82.17 |    82.63 |   78.94 |   84.42 | 144-152,163-165,192-193,225-231,245-246,285,288,291,304                                                                                                                                                                                                                                                                                                                                                                                                                                                                                                                                                                                                                                                                                                                                
  loggerService.js             |       0 |        0 |       0 |       0 | 10-35                                                                                                                                                                                                                                                                                                                                                                                                                                                                                                                                                                                                                                                                                                                                                                                  
  securityService.js           |     100 |      100 |     100 |     100 |                                                                                                                                                                                                                                                                                                                                                                                                                                                                                                                                                                                                                                                                                                                                                                                        
 utils                         |     100 |      100 |     100 |     100 |                                                                                                                                                                                                                                                                                                                                                                                                                                                                                                                                                                                                                                                                                                                                                                                        
  helpers.js                   |       0 |        0 |       0 |       0 |                                                                                                                                                                                                                                                                                                                                                                                                                                                                                                                                                                                                                                                                                                                                                                                        
  logger.js                    |     100 |      100 |     100 |     100 |                                                                                                                                                                                                                                                                                                                                                                                                                                                                                                                                                                                                                                                                                                                                                                                        
-------------------------------|---------|----------|---------|---------|----------------------------------------------------------------------------------------------------------------------------------------------------------------------------------------------------------------------------------------------------------------------------------------------------------------------------------------------------------------------------------------------------------------------------------------------------------------------------------------------------------------------------------------------------------------------------------------------------------------------------------------------------------------------------------------------------------------------------------------------------------------------------------------

Test Suites: 2 failed, 14 passed, 16 total
Tests:       7 failed, 132 passed, 139 total
Snapshots:   0 total
Time:        5.635 s
Ran all test suites.
